// Jest Snapshot v1, https://goo.gl/fbAQLP

exports[`Errors renders markup correctly 1`] = `
<div
  className="errors"
/>
`;
