// Jest Snapshot v1, https://goo.gl/fbAQLP

exports[`MenuToggle renders markup correctly 1`] = `
<div
  className="menu-toggle"
  onClick={[Function]}
>
  Menu
</div>
`;
