// Jest Snapshot v1, https://goo.gl/fbAQLP

exports[`Sidebar renders markup correctly 1`] = `
<div
  className="sidebar"
/>
`;
