// Jest Snapshot v1, https://goo.gl/fbAQLP

exports[`Text renders markup correctly 1`] = `
<p
  className="text"
>
  Hello
</p>
`;
