// Jest Snapshot v1, https://goo.gl/fbAQLP

exports[`Title renders markup correctly 1`] = `
<h1
  className="title"
/>
`;
